---
source: tui2/src/bottom_pane/chat_composer.rs
expression: terminal.backend()
---
"                                                                                                    "
"› short                                                                                             "
"                                                                                                    "
"                                                                                                    "
"                                                                                                    "
"                                                                                                    "
"                                                                                                    "
"                                                                                                    "
"                                                                                                    "
"  Default ·  · 100% context left                                                                    "
