---
source: tui2/src/bottom_pane/chat_composer.rs
expression: terminal.backend()
---
"                                                            "
"› /mo                                                       "
"                                                            "
"  /mode   configure model for each mode (Safe/Interactive/  "
"          Agent)                                            "
