---
source: tui2/src/bottom_pane/chat_composer.rs
expression: terminal.backend()
---
"                                                                                                    "
"› h                                                                                                 "
"                                                                                                    "
"                                                                                                    "
"                                                                                                    "
"                                                                                                    "
"                                                                                                    "
"                                                                                                    "
"  Default · gpt-4.1 · 100% context left                                                             "
